[    0.000000] Initializing cgroup subsys cpuset
[    0.000000] Initializing cgroup subsys cpu
[    0.000000] Initializing cgroup subsys cpuacct
[    0.000000] Linux version 4.4.0-83-generic (buildd@lgw01-29) (gcc version 5.4.0 20160609 (Ubuntu 5.4.0-6ubuntu1~16.04.4) ) #106-Ubuntu SMP Mon Jun 26 17:54:43 UTC 2017 (Ubuntu 4.4.0-83.106-generic 4.4.70)
[    0.000000] Command line: BOOT_IMAGE=/boot/vmlinuz-4.4.0-83-generic root=UUID=d3fcd148-faf6-46c1-af5a-1bfe17b6b858 ro console=tty1 console=ttyS0
[    0.000000] KERNEL supported cpus:
[    0.000000]   Intel GenuineIntel
[    0.000000]   AMD AuthenticAMD
[    0.000000]   Centaur CentaurHauls
[    0.000000] x86/fpu: xstate_offset[2]:  576, xstate_sizes[2]:  256
[    0.000000] x86/fpu: Supporting XSAVE feature 0x01: 'x87 floating point registers'
[    0.000000] x86/fpu: Supporting XSAVE feature 0x02: 'SSE registers'
[    0.000000] x86/fpu: Supporting XSAVE feature 0x04: 'AVX registers'
[    0.000000] x86/fpu: Enabled xstate features 0x7, context size is 832 bytes, using 'standard' format.
[    0.000000] x86/fpu: Using 'lazy' FPU context switches.
[    0.000000] e820: BIOS-provided physical RAM map:
[    0.000000] BIOS-e820: [mem 0x0000000000000000-0x000000000009fbff] usable
[    0.000000] BIOS-e820: [mem 0x000000000009fc00-0x000000000009ffff] reserved
[    0.000000] BIOS-e820: [mem 0x00000000000f0000-0x00000000000fffff] reserved
[    0.000000] BIOS-e820: [mem 0x0000000000100000-0x000000003ffeffff] usable
[    0.000000] BIOS-e820: [mem 0x000000003fff0000-0x000000003fffffff] ACPI data
[    0.000000] BIOS-e820: [mem 0x00000000fec00000-0x00000000fec00fff] reserved
[    0.000000] BIOS-e820: [mem 0x00000000fee00000-0x00000000fee00fff] reserved
[    0.000000] BIOS-e820: [mem 0x00000000fffc0000-0x00000000ffffffff] reserved
[    0.000000] NX (Execute Disable) protection: active
[    0.000000] SMBIOS 2.5 present.
[    0.000000] Hypervisor detected: KVM
[    0.000000] e820: last_pfn = 0x3fff0 max_arch_pfn = 0x400000000
[    0.000000] MTRR: Disabled
[    0.000000] x86/PAT: MTRRs disabled, skipping PAT initialization too.
[    0.000000] x86/PAT: Configuration [0-7]: WB  WT  UC- UC  WB  WT  UC- UC  
[    0.000000] CPU MTRRs all blank - virtualized system.
[    0.000000] found SMP MP-table at [mem 0x0009fff0-0x0009ffff] mapped at [ffff88000009fff0]
[    0.000000] Scanning 1 areas for low memory corruption
[    0.000000] RAMDISK: [mem 0x36230000-0x3710ffff]
[    0.000000] ACPI: Early table checksum verification disabled
[    0.000000] ACPI: RSDP 0x00000000000E0000 000024 (v02 VBOX  )
[    0.000000] ACPI: XSDT 0x000000003FFF0030 00003C (v01 VBOX   VBOXXSDT 00000001 ASL  00000061)
[    0.000000] ACPI: FACP 0x000000003FFF00F0 0000F4 (v04 VBOX   VBOXFACP 00000001 ASL  00000061)
[    0.000000] ACPI: DSDT 0x000000003FFF0470 0021C8 (v02 VBOX   VBOXBIOS 00000002 INTL 20100528)
[    0.000000] ACPI: FACS 0x000000003FFF0200 000040
[    0.000000] ACPI: FACS 0x000000003FFF0200 000040
[    0.000000] ACPI: APIC 0x000000003FFF0240 00005C (v02 VBOX   VBOXAPIC 00000001 ASL  00000061)
[    0.000000] ACPI: SSDT 0x000000003FFF02A0 0001CC (v01 VBOX   VBOXCPUT 00000002 INTL 20100528)
[    0.000000] No NUMA configuration found
[    0.000000] Faking a node at [mem 0x0000000000000000-0x000000003ffeffff]
[    0.000000] NODE_DATA(0) allocated [mem 0x3ffeb000-0x3ffeffff]
[    0.000000] kvm-clock: Using msrs 4b564d01 and 4b564d00
[    0.000000] kvm-clock: cpu 0, msr 0:3ffe3001, primary cpu clock
[    0.000000] kvm-clock: using sched offset of 3956328560 cycles
[    0.000000] clocksource: kvm-clock: mask: 0xffffffffffffffff max_cycles: 0x1cd42e4dffb, max_idle_ns: 881590591483 ns
[    0.000000] Zone ranges:
[    0.000000]   DMA      [mem 0x0000000000001000-0x0000000000ffffff]
[    0.000000]   DMA32    [mem 0x0000000001000000-0x000000003ffeffff]
[    0.000000]   Normal   empty
[    0.000000]   Device   empty
[    0.000000] Movable zone start for each node
[    0.000000] Early memory node ranges
[    0.000000]   node   0: [mem 0x0000000000001000-0x000000000009efff]
[    0.000000]   node   0: [mem 0x0000000000100000-0x000000003ffeffff]
[    0.000000] Initmem setup node 0 [mem 0x0000000000001000-0x000000003ffeffff]
[    0.000000] ACPI: PM-Timer IO Port: 0x4008
[    0.000000] IOAPIC[0]: apic_id 2, version 32, address 0xfec00000, GSI 0-23
[    0.000000] ACPI: INT_SRC_OVR (bus 0 bus_irq 0 global_irq 2 dfl dfl)
[    0.000000] ACPI: INT_SRC_OVR (bus 0 bus_irq 9 global_irq 9 high level)
[    0.000000] Using ACPI (MADT) for SMP configuration information
[    0.000000] smpboot: Allowing 2 CPUs, 0 hotplug CPUs
[    0.000000] PM: Registered nosave memory: [mem 0x00000000-0x00000fff]
[    0.000000] PM: Registered nosave memory: [mem 0x0009f000-0x0009ffff]
[    0.000000] PM: Registered nosave memory: [mem 0x000a0000-0x000effff]
[    0.000000] PM: Registered nosave memory: [mem 0x000f0000-0x000fffff]
[    0.000000] e820: [mem 0x40000000-0xfebfffff] available for PCI devices
[    0.000000] Booting paravirtualized kernel on KVM
[    0.000000] clocksource: refined-jiffies: mask: 0xffffffff max_cycles: 0xffffffff, max_idle_ns: 7645519600211568 ns
[    0.000000] setup_percpu: NR_CPUS:512 nr_cpumask_bits:512 nr_cpu_ids:2 nr_node_ids:1
[    0.000000] PERCPU: Embedded 33 pages/cpu @ffff88003fc00000 s98264 r8192 d28712 u1048576
[    0.000000] PV qspinlock hash table entries: 256 (order: 0, 4096 bytes)
[    0.000000] Built 1 zonelists in Node order, mobility grouping on.  Total pages: 257913
[    0.000000] Policy zone: DMA32
[    0.000000] Kernel command line: BOOT_IMAGE=/boot/vmlinuz-4.4.0-83-generic root=UUID=d3fcd148-faf6-46c1-af5a-1bfe17b6b858 ro console=tty1 console=ttyS0
[    0.000000] PID hash table entries: 4096 (order: 3, 32768 bytes)
[    0.000000] Memory: 997344K/1048120K available (8469K kernel code, 1294K rwdata, 3984K rodata, 1488K init, 1316K bss, 50776K reserved, 0K cma-reserved)
[    0.000000] SLUB: HWalign=64, Order=0-3, MinObjects=0, CPUs=2, Nodes=1
[    0.000000] Hierarchical RCU implementation.
[    0.000000] 	Build-time adjustment of leaf fanout to 64.
[    0.000000] 	RCU restricting CPUs from NR_CPUS=512 to nr_cpu_ids=2.
[    0.000000] RCU: Adjusting geometry for rcu_fanout_leaf=64, nr_cpu_ids=2
[    0.000000] NR_IRQS:33024 nr_irqs:440 16
[    0.000000] Console: colour VGA+ 80x25
[    0.000000] console [tty1] enabled
[    0.000000] console [ttyS0] enabled
[    0.000000] tsc: Detected 1899.999 MHz processor
[    5.084699] Calibrating delay loop (skipped) preset value.. 3799.99 BogoMIPS (lpj=7599996)
[    5.162710] pid_max: default: 32768 minimum: 301
[    5.178006] ACPI: Core revision 20150930
[    5.185480] ACPI: 2 ACPI AML tables successfully acquired and loaded
[    5.230344] Security Framework initialized
[    5.260190] Yama: becoming mindful.
[    5.301193] AppArmor: AppArmor initialized
[    5.334509] Dentry cache hash table entries: 131072 (order: 8, 1048576 bytes)
[    5.382881] Inode-cache hash table entries: 65536 (order: 7, 524288 bytes)
[    5.390652] Mount-cache hash table entries: 2048 (order: 2, 16384 bytes)
[    5.406521] Mountpoint-cache hash table entries: 2048 (order: 2, 16384 bytes)
[    5.408282] Initializing cgroup subsys io
[    5.426059] Initializing cgroup subsys memory
[    5.489567] Initializing cgroup subsys devices
[    5.529715] Initializing cgroup subsys freezer
[    5.578462] Initializing cgroup subsys net_cls
[    5.580073] Initializing cgroup subsys perf_event
[    5.581834] Initializing cgroup subsys net_prio
[    5.645739] Initializing cgroup subsys hugetlb
[    5.662982] Initializing cgroup subsys pids
[    5.710551] CPU: Physical Processor ID: 0
[    5.732385] CPU: Processor Core ID: 0
[    5.782012] mce: CPU supports 0 MCE banks
[    5.788785] Last level iTLB entries: 4KB 1024, 2MB 1024, 4MB 1024
[    5.790403] Last level dTLB entries: 4KB 1024, 2MB 1024, 4MB 1024, 1GB 4
[    5.794143] Freeing SMP alternatives memory: 32K (ffffffff820b9000 - ffffffff820c1000)
[    5.824628] ftrace: allocating 32129 entries in 126 pages
[    5.877960] smpboot: APIC(0) Converting physical 0 to logical package 0
[    5.917513] smpboot: Max logical packages: 1
[    5.919225] x2apic enabled
[    5.920318] Switched APIC routing to physical x2apic.
[    5.922875] ..TIMER: vector=0x30 apic1=0 pin1=2 apic2=-1 pin2=-1
[    6.073772] smpboot: CPU0: Intel(R) Core(TM) i5-4250U CPU @ 1.30GHz (family: 0x6, model: 0x45, stepping: 0x1)
[    6.171167] Performance Events: unsupported p6 CPU model 69 no PMU driver, software events only.
[    6.173618] KVM setup paravirtual spinlock
[    6.175504] x86: Booting SMP configuration:
[    6.176631] .... node  #0, CPUs:      #1
[    6.206021] kvm-clock: cpu 1, msr 0:3ffe3041, secondary cpu clock
[    6.227083] mce: CPU supports 0 MCE banks
[    6.244234] x86: Booted up 1 node, 2 CPUs
[    6.271561] smpboot: Total of 2 processors activated (7599.99 BogoMIPS)
[    6.300384] devtmpfs: initialized
[    6.303297] evm: security.selinux
[    6.310193] evm: security.SMACK64
[    6.314204] evm: security.SMACK64EXEC
[    6.315367] evm: security.SMACK64TRANSMUTE
[    6.316708] evm: security.SMACK64MMAP
[    6.320012] evm: security.ima
[    6.321552] evm: security.capability
[    6.323029] clocksource: jiffies: mask: 0xffffffff max_cycles: 0xffffffff, max_idle_ns: 7645041785100000 ns
[    6.337351] futex hash table entries: 512 (order: 3, 32768 bytes)
[    6.347311] pinctrl core: initialized pinctrl subsystem
[    6.355670] RTC time: 18:38:53, date: 08/12/17
[    6.370516] NET: Registered protocol family 16
[    6.390166] cpuidle: using governor ladder
[    6.405814] cpuidle: using governor menu
[    6.416310] PCCT header not found.
[    6.425218] ACPI: bus type PCI registered
[    6.426732] acpiphp: ACPI Hot Plug PCI Controller Driver version: 0.5
[    6.441932] PCI: Using configuration type 1 for base access
[    6.472892] ACPI: Added _OSI(Module Device)
[    6.526747] ACPI: Added _OSI(Processor Device)
[    6.562363] ACPI: Added _OSI(3.0 _SCP Extensions)
[    6.610440] ACPI: Added _OSI(Processor Aggregator Device)
[    6.655154] ACPI: Executed 1 blocks of module-level executable AML code
[    6.710555] ACPI: Interpreter enabled
[    6.715291] ACPI: (supports S0 S5)
[    6.716454] ACPI: Using IOAPIC for interrupt routing
[    6.719755] PCI: Using host bridge windows from ACPI; if necessary, use "pci=nocrs" and report a bug
[    6.751159] ACPI: PCI Root Bridge [PCI0] (domain 0000 [bus 00-ff])
[    6.808383] acpi PNP0A03:00: _OSC: OS supports [ASPM ClockPM Segments MSI]
[    6.891171] acpi PNP0A03:00: _OSC failed (AE_NOT_FOUND); disabling ASPM
[    6.907096] acpi PNP0A03:00: fail to add MMCONFIG information, can't access extended PCI configuration space under this bridge.
[    7.016875] PCI host bridge to bus 0000:00
[    7.048320] pci_bus 0000:00: root bus resource [io  0x0000-0x0cf7 window]
[    7.111587] pci_bus 0000:00: root bus resource [io  0x0d00-0xffff window]
[    7.183868] pci_bus 0000:00: root bus resource [mem 0x000a0000-0x000bffff window]
[    7.247063] pci_bus 0000:00: root bus resource [mem 0x40000000-0xffdfffff window]
[    7.321927] pci_bus 0000:00: root bus resource [bus 00-ff]
[    7.373867] pci 0000:00:01.1: legacy IDE quirk: reg 0x10: [io  0x01f0-0x01f7]
[    7.435291] pci 0000:00:01.1: legacy IDE quirk: reg 0x14: [io  0x03f6]
[    7.443638] pci 0000:00:01.1: legacy IDE quirk: reg 0x18: [io  0x0170-0x0177]
[    7.477754] pci 0000:00:01.1: legacy IDE quirk: reg 0x1c: [io  0x0376]
[    7.538098] pci 0000:00:07.0: quirk: [io  0x4000-0x403f] claimed by PIIX4 ACPI
[    7.607390] pci 0000:00:07.0: quirk: [io  0x4100-0x410f] claimed by PIIX4 SMB
[    7.646352] ACPI: PCI Interrupt Link [LNKA] (IRQs 5 9 10 *11)
[    7.725675] ACPI: PCI Interrupt Link [LNKB] (IRQs 5 9 10 *11)
[    7.769549] ACPI: PCI Interrupt Link [LNKC] (IRQs 5 9 *10 11)
[    7.818813] ACPI: PCI Interrupt Link [LNKD] (IRQs 5 *9 10 11)
[    7.881985] ACPI: Enabled 2 GPEs in block 00 to 07
[    7.937490] vgaarb: setting as boot device: PCI:0000:00:02.0
[    7.989565] vgaarb: device added: PCI:0000:00:02.0,decodes=io+mem,owns=io+mem,locks=none
[    8.060019] vgaarb: loaded
[    8.081521] vgaarb: bridge control possible 0000:00:02.0
[    8.108158] SCSI subsystem initialized
[    8.121476] ACPI: bus type USB registered
[    8.161419] usbcore: registered new interface driver usbfs
[    8.213028] usbcore: registered new interface driver hub
[    8.261662] usbcore: registered new device driver usb
[    8.314196] PCI: Using ACPI for IRQ routing
[    8.357928] NetLabel: Initializing
[    8.393579] NetLabel:  domain hash size = 128
[    8.429886] NetLabel:  protocols = UNLABELED CIPSOv4
[    8.475887] NetLabel:  unlabeled traffic allowed by default
[    8.536595] amd_nb: Cannot enumerate AMD northbridges
[    8.578975] clocksource: Switched to clocksource kvm-clock
[    8.601042] AppArmor: AppArmor Filesystem Enabled
[    8.662875] pnp: PnP ACPI init
[    8.731108] pnp: PnP ACPI: found 3 devices
[    8.823555] clocksource: acpi_pm: mask: 0xffffff max_cycles: 0xffffff, max_idle_ns: 2085701024 ns
[    8.994002] NET: Registered protocol family 2
[    8.995421] TCP established hash table entries: 8192 (order: 4, 65536 bytes)
[    9.032328] TCP bind hash table entries: 8192 (order: 5, 131072 bytes)
[    9.168396] TCP: Hash tables configured (established 8192 bind 8192)
[    9.294240] UDP hash table entries: 512 (order: 2, 16384 bytes)
[    9.407743] UDP-Lite hash table entries: 512 (order: 2, 16384 bytes)
[    9.513783] NET: Registered protocol family 1
[    9.607820] pci 0000:00:00.0: Limiting direct PCI/PCI transfers
[    9.739428] pci 0000:00:01.0: Activating ISA DMA hang workarounds
[    9.803821] Unpacking initramfs...
[   10.105247] Freeing initrd memory: 15232K (ffff880036230000 - ffff880037110000)
[   10.275972] RAPL PMU detected, API unit is 2^-32 Joules, 4 fixed counters 10737418240 ms ovfl timer
[   10.334297] hw unit of domain pp0-core 2^-0 Joules
[   10.417252] hw unit of domain package 2^-0 Joules
[   10.431968] hw unit of domain dram 2^-0 Joules
[   10.523455] hw unit of domain pp1-gpu 2^-0 Joules
[   10.599961] platform rtc_cmos: registered platform RTC device (no PNP device found)
[   10.699862] Scanning for low memory corruption every 60 seconds
[   10.742328] audit: initializing netlink subsys (disabled)
[   10.748598] audit: type=2000 audit(1502563135.477:1): initialized
[   10.770225] Initialise system trusted keyring
[   10.819286] HugeTLB registered 2 MB page size, pre-allocated 0 pages
[   10.856819] zbud: loaded
[   10.878078] VFS: Disk quotas dquot_6.6.0
[   10.881641] VFS: Dquot-cache hash table entries: 512 (order 0, 4096 bytes)
[   10.883964] squashfs: version 4.0 (2009/01/31) Phillip Lougher
[   10.900211] fuse init (API version 7.23)
[   10.918823] Key type big_key registered
[   10.929721] Allocating IMA MOK and blacklist keyrings.
[   10.952137] Key type asymmetric registered
[   10.980611] Asymmetric key parser 'x509' registered
[   10.981876] Block layer SCSI generic (bsg) driver version 0.4 loaded (major 249)
[   10.983778] io scheduler noop registered
[   10.986038] io scheduler deadline registered (default)
[   10.987348] io scheduler cfq registered
[   10.988447] pci_hotplug: PCI Hot Plug PCI Core version: 0.5
[   10.991508] pciehp: PCI Express Hot Plug Controller Driver version: 0.4
[   11.040043] ACPI: AC Adapter [AC] (off-line)
[   11.094134] input: Power Button as /devices/LNXSYSTM:00/LNXPWRBN:00/input/input0
[   11.155814] ACPI: Power Button [PWRF]
[   11.242673] input: Sleep Button as /devices/LNXSYSTM:00/LNXSLPBN:00/input/input1
[   11.298666] ACPI: Sleep Button [SLPF]
[   11.347715] GHES: HEST is not enabled!
[   11.388418] ACPI: Battery Slot [BAT0] (battery present)
[   11.487969] Serial: 8250/16550 driver, 32 ports, IRQ sharing enabled
[   11.609871] 00:02: ttyS0 at I/O 0x3f8 (irq = 4, base_baud = 115200) is a 16550A
[   11.611095] tsc: Refined TSC clocksource calibration: 1900.025 MHz
[   11.611097] clocksource: tsc: mask: 0xffffffffffffffff max_cycles: 0x36c687524bb, max_idle_ns: 881590764037 ns
[   11.922436] Linux agpgart interface v0.103
[   11.932329] loop: module loaded
[   11.945028] scsi host0: ata_piix
[   11.954751] scsi host1: ata_piix
[   11.965208] ata1: PATA max UDMA/33 cmd 0x1f0 ctl 0x3f6 bmdma 0xd000 irq 14
[   11.981170] ata2: PATA max UDMA/33 cmd 0x170 ctl 0x376 bmdma 0xd008 irq 15
[   11.994582] libphy: Fixed MDIO Bus: probed
[   12.027646] tun: Universal TUN/TAP device driver, 1.6
[   12.033740] tun: (C) 1999-2004 Max Krasnyansky <maxk@qualcomm.com>
[   12.048561] PPP generic driver version 2.4.2
[   12.099484] ehci_hcd: USB 2.0 'Enhanced' Host Controller (EHCI) Driver
[   12.168094] ehci-pci: EHCI PCI platform driver
[   12.188406] ehci-platform: EHCI generic platform driver
[   12.247160] ohci_hcd: USB 1.1 'Open' Host Controller (OHCI) Driver
[   12.265293] ohci-pci: OHCI PCI platform driver
[   12.267059] ohci-platform: OHCI generic platform driver
[   12.269454] uhci_hcd: USB Universal Host Controller Interface driver
[   12.316254] i8042: PNP: PS/2 Controller [PNP0303:PS2K,PNP0f03:PS2M] at 0x60,0x64 irq 1,12
[   12.339187] serio: i8042 KBD port at 0x60,0x64 irq 1
[   12.430839] serio: i8042 AUX port at 0x60,0x64 irq 12
[   12.432343] mousedev: PS/2 mouse device common for all mice
[   12.489464] rtc_cmos rtc_cmos: rtc core: registered rtc_cmos as rtc0
[   12.619603] input: AT Translated Set 2 keyboard as /devices/platform/i8042/serio0/input/input2
[   12.719569] rtc_cmos rtc_cmos: alarms up to one day, 114 bytes nvram
[   12.860686] i2c /dev entries driver
[   12.888200] device-mapper: uevent: version 1.0.3
[   12.977877] device-mapper: ioctl: 4.34.0-ioctl (2015-10-28) initialised: dm-devel@redhat.com
[   13.065178] ledtrig-cpu: registered to indicate activity on CPUs
[   13.135330] NET: Registered protocol family 10
[   13.184682] NET: Registered protocol family 17
[   13.207924] Key type dns_resolver registered
[   13.218237] microcode: CPU0 sig=0x40651, pf=0x40, revision=0x0
[   13.284428] microcode: CPU1 sig=0x40651, pf=0x40, revision=0x0
[   13.295826] microcode: Microcode Update Driver: v2.01 <tigran@aivazian.fsnet.co.uk>, Peter Oruba
[   13.399821] registered taskstats version 1
[   13.447514] Loading compiled-in X.509 certificates
[   13.547733] Loaded X.509 cert 'Build time autogenerated kernel key: 35105354eb779045e4d9ad793dead39d5ee93f76'
[   13.711815] zswap: loaded using pool lzo/zbud
[   13.839535] Key type trusted registered
[   13.903316] Key type encrypted registered
[   13.953720] AppArmor: AppArmor sha1 policy hashing enabled
[   14.067059] ima: No TPM chip found, activating TPM-bypass!
[   14.129415] evm: HMAC attrs: 0x1
[   14.131106]   Magic number: 13:404:645
[   14.169460] rtc_cmos rtc_cmos: setting system clock to 2017-08-12 18:39:01 UTC (1502563141)
[   14.270238] BIOS EDD facility v0.16 2004-Jun-25, 0 devices found
[   14.308024] EDD information not available.
[   14.349530] Freeing unused kernel memory: 1488K (ffffffff81f45000 - ffffffff820b9000)
[   14.378672] Write protecting the kernel read-only data: 14336k
[   14.394808] Freeing unused kernel memory: 1760K (ffff880001848000 - ffff880001a00000)
[   14.423715] Freeing unused kernel memory: 112K (ffff880001de4000 - ffff880001e00000)
Loading, please wait...
[   14.547718] random: systemd-udevd: uninitialized urandom read (16 bytes read, 4 bits of entropy available)
starting version 229
[   14.548534] random: udevadm: uninitialized urandom read (16 bytes read, 4 bits of entropy available)
[   14.548578] random: udevadm: uninitialized urandom read (16 bytes read, 4 bits of entropy available)
[   14.548719] random: udevadm: uninitialized urandom read (16 bytes read, 4 bits of entropy available)
[   14.548768] random: udevadm: uninitialized urandom read (16 bytes read, 4 bits of entropy available)
[   14.548812] random: udevadm: uninitialized urandom read (16 bytes read, 4 bits of entropy available)
[   14.548852] random: udevadm: uninitialized urandom read (16 bytes read, 4 bits of entropy available)
[   14.548902] random: udevadm: uninitialized urandom read (16 bytes read, 4 bits of entropy available)
[   14.548944] random: udevadm: uninitialized urandom read (16 bytes read, 4 bits of entropy available)
[   14.548985] random: udevadm: uninitialized urandom read (16 bytes read, 4 bits of entropy available)
[   15.197675] e1000: Intel(R) PRO/1000 Network Driver - version 7.3.21-k8-NAPI
[   15.209005] e1000: Copyright (c) 1999-2006 Intel Corporation.
[   15.224950] Fusion MPT base driver 3.04.20
[   15.238445] Copyright (c) 1999-2008 LSI Corporation
[   15.261621] AVX version of gcm_enc/dec engaged.
[   15.265610] AES CTR mode by8 optimization enabled
[   15.289986] Fusion MPT SPI Host driver 3.04.20
[   15.438601] input: ImExPS/2 Generic Explorer Mouse as /devices/platform/i8042/serio1/input/input4
[   15.702884] e1000 0000:00:03.0 eth0: (PCI:33MHz:32-bit) 02:e8:c6:8a:e3:de
[   15.836961] e1000 0000:00:03.0 eth0: Intel(R) PRO/1000 Network Connection
[   15.960298] mptbase: ioc0: Initiating bringup
[   15.960331] e1000 0000:00:03.0 enp0s3: renamed from eth0
[   16.171980] ioc0: LSI53C1030 A0: Capabilities={Initiator}
[   16.456538] scsi host2: ioc0: LSI53C1030 A0, FwRev=00000000h, Ports=1, MaxQ=256, IRQ=20
[   16.627659] scsi 2:0:0:0: Direct-Access     VBOX     HARDDISK         1.0  PQ: 0 ANSI: 5
[   16.671282] scsi target2:0:0: Beginning Domain Validation
[   16.710368] scsi target2:0:0: Domain Validation skipping write tests
[   16.787714] scsi target2:0:0: Ending Domain Validation
[   16.799632] scsi target2:0:0: asynchronous
[   16.935644] scsi 2:0:1:0: Direct-Access     VBOX     HARDDISK         1.0  PQ: 0 ANSI: 5
[   17.099983] scsi target2:0:1: Beginning Domain Validation
[   17.104971] scsi target2:0:1: Domain Validation skipping write tests
[   17.117846] scsi target2:0:1: Ending Domain Validation
[   17.182271] scsi target2:0:1: asynchronous
[   17.287081] sd 2:0:0:0: Attached scsi generic sg0 type 0
[   17.287423] sd 2:0:0:0: [sda] 20971520 512-byte logical blocks: (10.7 GB/10.0 GiB)
[   17.287592] sd 2:0:0:0: [sda] Write Protect is off
[   17.287703] sd 2:0:0:0: [sda] Incomplete mode parameter data
[   17.287704] sd 2:0:0:0: [sda] Assuming drive cache: write through
[   17.370782]  sda: sda1
[   17.371647] sd 2:0:0:0: [sda] Attached SCSI disk
[   17.569892] sd 2:0:1:0: [sdb] 20480 512-byte logical blocks: (10.5 MB/10.0 MiB)
[   17.587256] sd 2:0:1:0: Attached scsi generic sg1 type 0
[   17.619909] sd 2:0:1:0: [sdb] Write Protect is off
[   17.629640] sd 2:0:1:0: [sdb] Incomplete mode parameter data
[   17.648126] sd 2:0:1:0: [sdb] Assuming drive cache: write through
[   17.655633] sd 2:0:1:0: [sdb] Attached SCSI disk
[   18.304549] floppy0: no floppy controllers found
Begin: Loading essential drivers[   19.745571] md: linear personality registered for level -1
 ... [   19.751710] md: multipath personality registered for level -4
[   19.764336] md: raid0 personality registered for level 0
[   19.845178] md: raid1 personality registered for level 1
[   20.001174] raid6: sse2x1   gen()  7448 MB/s
[   20.095043] raid6: sse2x1   xor()  3144 MB/s
[   20.243545] raid6: sse2x2   gen()  9443 MB/s
[   20.443504] raid6: sse2x2   xor()  5880 MB/s
[   20.563148] raid6: sse2x4   gen() 10757 MB/s
[   20.691001] raid6: sse2x4   xor()  7866 MB/s
[   20.746813] raid6: using algorithm sse2x4 gen() 10757 MB/s
[   20.847267] raid6: .... xor() 7866 MB/s, rmw enabled
[   20.918410] raid6: using ssse3x2 recovery algorithm
[   20.969438] xor: automatically using best checksumming function:
[   21.067005]    avx       : 16427.000 MB/sec
[   21.117890] async_tx: api initialized (async)
[   21.141644] md: raid6 personality registered for level 6
[   21.166066] md: raid5 personality registered for level 5
[   21.182851] md: raid4 personality registered for level 4
[   21.204639] md: raid10 personality registered for level 10
done.
Begin: Running /scripts/init-premount ... done.
Begin: Mounting root file sys[   21.320631] Btrfs loaded
tem ... Begin: Running /scripts/local-top ... done.
Begin: Running /scripts/local-premount ... Scanning for Btrfs filesystems
done.
Warning: fsck no[   21.396672] EXT4-fs (sda1): mounted filesystem with ordered data mode. Opts: (null)
t present, so skipping root file system
done.
Begin: Running /scripts/local-bottom ... done.
Begin: Running /scripts/init-bottom ... done.
[   21.684225] systemd[1]: systemd 229 running in system mode. (+PAM +AUDIT +SELINUX +IMA +APPARMOR +SMACK +SYSVINIT +UTMP +LIBCRYPTSETUP +GCRYPT +GNUTLS +ACL +XZ -LZ4 +SECCOMP +BLKID +ELFUTILS +KMOD -IDN)
[   21.831196] systemd[1]: Detected virtualization oracle.
[   21.895882] systemd[1]: Detected architecture x86-64.

Welcome to [1mUbuntu 16.04.3 LTS[0m!

[   21.996567] systemd[1]: Set hostname to <Whoisthisband>.
[   22.368733] systemd[1]: Listening on LVM2 poll daemon socket.
[[0;32m  OK  [0m] Listening on LVM2 poll daemon socket.
[   22.507950] systemd[1]: Listening on Journal Audit Socket.
[[0;32m  OK  [0m] Listening on Journal Audit Socket.
[   22.663677] systemd[1]: Reached target Encrypted Volumes.
[[0;32m  OK  [0m] Reached target Encrypted Volumes.
[   22.819741] systemd[1]: Listening on /dev/initctl Compatibility Named Pipe.
[[0;32m  OK  [0m] Listening on /dev/initctl Compatibility Named Pipe.
[   22.953630] systemd[1]: Started Forward Password Requests to Wall Directory Watch.
[[0;32m  OK  [0m] Started Forward Password Requests to Wall Directory Watch.
[   23.028110] systemd[1]: Listening on udev Control Socket.
[[0;32m  OK  [0m] Listening on udev Control Socket.
[   23.180202] systemd[1]: Listening on Journal Socket (/dev/log).
[[0;32m  OK  [0m] Listening on Journal Socket (/dev/log).
[   23.352090] systemd[1]: Listening on udev Kernel Socket.
[[0;32m  OK  [0m] Listening on udev Kernel Socket.
[   23.417222] systemd[1]: Listening on LVM2 metadata daemon socket.
[[0;32m  OK  [0m] Listening on LVM2 metadata daemon socket.
[   23.539929] systemd[1]: Set up automount Arbitrary Executable File Formats File System Automount Point.
[[0;32m  OK  [0m] Set up automount Arbitrary Executab...ats File System Automount Point.
[   23.638449] systemd[1]: Reached target Swap.
[[0;32m  OK  [0m] Reached target Swap.
[   23.747773] systemd[1]: Reached target User and Group Name Lookups.
[[0;32m  OK  [0m] Reached target User and Group Name Lookups.
[   23.872034] systemd[1]: Started Trigger resolvconf update for networkd DNS.
[[0;32m  OK  [0m] Started Trigger resolvconf update for networkd DNS.
[   24.036099] systemd[1]: Listening on Device-mapper event daemon FIFOs.
[[0;32m  OK  [0m] Listening on Device-mapper event daemon FIFOs.
[   24.222182] systemd[1]: Created slice User and Session Slice.
[[0;32m  OK  [0m] Created slice User and Session Slice.
[   24.367984] systemd[1]: Created slice System Slice.
[[0;32m  OK  [0m] Created slice System Slice.
[   24.511507] systemd[1]: Reached target Slices.
[[0;32m  OK  [0m] Reached target Slices.
[   24.559631] systemd[1]: Created slice system-serial\x2dgetty.slice.
[[0;32m  OK  [0m] Created slice system-serial\x2dgetty.slice.
[   24.652868] systemd[1]: Listening on Syslog Socket.
[[0;32m  OK  [0m] Listening on Syslog Socket.
[   24.683772] systemd[1]: Listening on Journal Socket.
[[0;32m  OK  [0m] Listening on Journal Socket.
[   24.836187] systemd[1]: Starting Journal Service...
         Starting Journal Service...
[   24.947526] systemd[1]: Starting Set console keymap...
         Starting Set console keymap...
[   25.043909] systemd[1]: Starting Load Kernel Modules...
         Starting Load Kernel Modules...[   25.117783] Loading iSCSI transport class v2.0-870.

[   25.169340] systemd[1]: Starting Uncomplicated firewall...
[   25.228018] random: nonblocking pool is initialized
         Starting Uncomplicated firewall...
[   25.292085] systemd[1]: Starting Create list of required static device nodes for the current kernel...
         [   25.351196] iscsi: registered transport (tcp)
Starting Create list of required st... nodes for the current kernel...
[   25.498507] systemd[1]: Starting Monitoring of LVM2 mirrors, snapshots etc. using dmeventd or progress polling...
         Starting Monitoring of LVM2 mirrors... dmeventd or prog[   25.568948] iscsi: registered transport (iser)
ress polling...
[   25.647650] systemd[1]: Starting Remount Root and Kernel File Systems...
[   25.654967] EXT4-fs (sda1): re-mounted. Opts: (null)
         Starting Remount Root and Kernel File Systems...
[   25.755230] systemd[1]: Mounting Huge Pages File System...
         Mounting Huge Pages File System...
[   25.823982] systemd[1]: Mounting Debug File System...
         Mounting Debug File System...
[   25.955648] systemd[1]: Starting Nameserver information manager...
         Starting Nameserver information manager...
[   26.015793] systemd[1]: Mounting POSIX Message Queue File System...
         Mounting POSIX Message Queue File System...
[   26.081200] systemd[1]: Mounted Huge Pages File System.
[[0;32m  OK  [0m] Mounted Huge Pages File System.
[   26.311696] systemd[1]: Mounted POSIX Message Queue File System.
[[0;32m  OK  [0m] Mounted POSIX Message Queue File System.
[   26.499980] systemd[1]: Mounted Debug File System.
[[0;32m  OK  [0m] Mounted Debug File System.
[   26.667718] systemd[1]: Started Journal Service.
[[0;32m  OK  [0m] Started Journal Service.
[[0;32m  OK  [0m] Started Set console keymap.
[[0;32m  OK  [0m] Started Load Kernel Modules.
[[0;32m  OK  [0m] Started Uncomplicated firewall.
[[0;32m  OK  [0m] Started Create list of required sta...ce nodes for the current kernel.
[[0;32m  OK  [0m] Started Remount Root and Kernel File Systems.
[[0;32m  OK  [0m] Started Nameserver information manager.
[[0;32m  OK  [0m] Started LVM2 metadata daemon.
         Starting Load/Save Random Seed...
         Starting udev Coldplug all Devices...
         Starting Initial cloud-init job (pre-networking)...
         Starting Create Static Device Nodes in /dev...
         Mounting FUSE Control File System...
         Starting Apply Kernel Variables...
         Starting Flush Journal to Persistent Storage...
[[0;32m  OK  [0m] Mounted FUSE Control File System.
[[0;32m  OK  [0m] Started Load/Save Random Seed.
[[0;32m  OK  [0m] Started Create Static Device Nodes in /dev.
[[0;32m  OK  [0m] Started Apply Kernel Variables.
[[0;32m  OK  [0m] Started udev Coldplug all Devices.
[[0;32m  OK  [0m] Started Flush Journal to Persistent Storage.
         Starting udev Kernel Device Manager...
[[0;32m  OK  [0m] Started udev Kernel Device Manager.
[[0;32m  OK  [0m] Started Dispatch Password Requests to Console Directory Watch.
[[0;32m  OK  [0m] Started Monitoring of LVM2 mirrors,...ng dmeventd or progress polling.
[[0;32m  OK  [0m] Reached target Local File Systems (Pre).
[[0;32m  OK  [0m] Reached target Local File Systems.
         Starting Set console font and keymap...
         Starting Create Volatile Files and Directories...
         Starting LSB: AppArmor initialization...
         Starting Tell Plymouth To Write Out Runtime Data...
[[0;32m  OK  [0m] Started Create Volatile Files and Directories.
[[0;32m  OK  [0m] Started Tell Plymouth To Write Out Runtime Data.
[[0;32m  OK  [0m] Found device /dev/ttyS0.
         Starting Update UTMP about System Boot/Shutdown...
[[0;32m  OK  [0m] Reached target System Time Synchronized.
[[0;32m  OK  [0m] Started LSB: AppArmor initialization.
[[0;32m  OK  [0m] Started Update UTMP about System Boot/Shutdown.
[[0;32m  OK  [0m] Listening on Load/Save RF Kill Switch Status /dev/rfkill Watch.
[   20.902495] cloud-init[450]: Cloud-init v. 0.7.9 running 'init-local' at Sat, 12 Aug 2017 18:39:15 +0000. Up 20.60 seconds.
[[0;32m  OK  [0m] Started Set console font and keymap.
[[0;32m  OK  [0m] Started Initial cloud-init job (pre-networking).
[[0;32m  OK  [0m] Found device 82540EM Gigabit Ethern...r (PRO/1000 MT Desktop Adapter).
[[0;32m  OK  [0m] Reached target Network (Pre).
[[0;32m  OK  [0m] Started ifup for enp0s3.
         Starting Raise network interfaces...
[[0;32m  OK  [0m] Created slice system-getty.slice.
[[0;32m  OK  [0m] Started Raise network interfaces.
[[0;32m  OK  [0m] Reached target Network.
         Starting Initial cloud-init job (metadata service crawler)...
[   23.651110] cloud-init[962]: Cloud-init v. 0.7.9 running 'init' at Sat, 12 Aug 2017 18:39:18 +0000. Up 23.30 seconds.
[   23.704642] cloud-init[962]: ci-info: +++++++++++++++++++++++++++++++++++++Net device info++++++++++++++++++++++++++++++++++++++
[[0;32m  OK  [0m] Started Initial cloud-init job (metadata service crawler).
[   23.779479] [cloud-init[0;32m  OK  [0m[962]: ] ci-info: +--------+------+----------------------------+---------------+-------+-------------------+Reached target System Initialization.

[   23.942099] [cloud-init[0;32m  OK  [0m[962]: ] ci-info: | Device |  Up  |          Address           |      Mask     | Scope |     Hw-Address    |Started ACPI Events Check.

[[0;32m  OK  [0m] Reached target Paths.
[   23.943268] cloud-init[962]: ci-info: +--------+------+----------------------------+---------------+-------+-------------------+
[   24.153228] [cloud-init[0;32m  OK  [0m[962]: ] ci-info: | enp0s3 | True |         10.0.2.15          | 255.255.255.0 |   .   | 02:e8:c6:8a:e3:de |Started Timer to automatically refresh installed snaps.

[[0;32m  OK  [0m] Started Daily Cleanup of Temporary Directories.
[[0;32m  OK  [0m] Listening on UUID daemon activation socket.
[   24.154393] cloud-init[962]: ci-info: | enp0s3 | True | fe80::e8:c6ff:fe8a:e3de/64 |       .       |  link | 02:e8:c6:8a:e3:de |
[   24.448961] [cloud-init[0;32m  OK  [0m[962]: ] ci-info: |   lo   | True |         127.0.0.1          |   255.0.0.0   |   .   |         .         |Listening on ACPID Listen Socket.

[   24.450146]          cloud-initStarting Socket activation for snappy daemon.[962]: 
ci-info: |   lo   | True |          ::1/128           |       .       |  host |         .         |
[   24.668576] [cloud-init[0;32m  OK  [0m[962]: ] ci-info: +--------+------+----------------------------+---------------+-------+-------------------+Listening on D-Bus System Message Bus Socket.

[   24.669487]          Starting LXD - unix socket.
[[0;32m  OK  [0m] Reached target Cloud-config availability.
[[0;32m  OK  [0m] Reached target Network is Online.
cloud-init[962]: ci-info: +++++++++++++++++++++++++++Route IPv4 info++++++++++++++++++++++++++++
[   24.833420] cloud-init[962]: ci-info: +-------+-------------+----------+---------------+-----------+-------+
         Starting iSCSI initiator daemon (iscsid)...
[[0;32m  OK  [0m] Started Daily apt download activities.
[[0;32m  OK  [0m] Started Daily apt upgrade and clean activities.
[   24.834892] cloud-init[962]: ci-info: | Route | Destination | Gateway  |    Genmask    | Interface | Flags |
[   25.076857] [cloud-init[0;32m  OK  [0m[962]: ] ci-info: +-------+-------------+----------+---------------+-----------+-------+Reached target Timers.

[   25.077976] cloud-init[962]: ci-info: |   0   |   0.0.0.0   | 10.0.2.2 |    0.0.0.0    |   enp0s3  |   UG  |
[   25.272826] [cloud-init[0;32m  OK  [0m[962]: ] ci-info: |   1   |   10.0.2.0  | 0.0.0.0  | 255.255.255.0 |   enp0s3  |   U   |Listening on Socket activation for snappy daemon.

[[0;32m  OK  [0m] Listening on LXD - unix socket.
[   25.273988] cloud-init[962]: ci-info: +-------+-------------+----------+---------------+-----------+-------+
[[0;32m  OK  [0m] Started iSCSI initiator daemon (iscsid).
         Starting Login to default iSCSI targets...
[[0;32m  OK  [0m] Reached target Sockets.
[[0;32m  OK  [0m] Reached target Basic System.
[[0;32m  OK  [0m] Started Regular background program processing daemon.
         Starting LSB: Record successful boot for GRUB...
         Starting LXD - container startup/shutdown...
         Starting OpenBSD Secure Shell server...
         Starting Apply the settings specified in cloud-config...
[[0;32m  OK  [0m] Started Unattended Upgrades Shutdown.
[[0;32m  OK  [0m] Started ACPI event daemon.
[[0;32m  OK  [0m] Started Snappy daemon.
         Starting Auto import assertions from block devices...
[[0;32m  OK  [0m] Started D-Bus System Message Bus.
[[0;32m  OK  [0m] Started FUSE filesystem for LXC.
         Starting LSB: MD monitoring daemon...
         Starting /etc/rc.local Compatibility...
         Starting MySQL Community Server...
         Starting Login Service...
[[0;32m  OK  [0m] Started Deferred execution scheduler.
         Starting Accounts Service...
         Starting System Logging Service...
[[0;32m  OK  [0m] Started OpenBSD Secure Shell server.
[[0;32m  OK  [0m] Started LXD - container startup/shutdown.
[[0;32m  OK  [0m] Started Auto import assertions from block devices.
[[0;32m  OK  [0m] Started /etc/rc.local Compatibility.
[[0;32m  OK  [0m] Started System Logging Service.
[[0;32m  OK  [0m] Started Login to default iSCSI targets.
[[0;32m  OK  [0m] Started LSB: Record successful boot for GRUB.
[[0;32m  OK  [0m] Started LSB: MD monitoring daemon.
[[0;32m  OK  [0m] Started Login Service.
         Starting Authenticate and Authorize Users to Run Privileged Tasks...
[[0;32m  OK  [0m] Reached target Remote File Systems (Pre).
[[0;32m  OK  [0m] Reached target Remote File Systems.
         Starting LSB: Apache2 web server...
         Starting LSB: VirtualBox Linux Additions...
         Starting LSB: Set the CPU Frequency Scaling governor to "ondemand"...
         Starting Permit User Sessions...
         Starting LSB: automatic crash report generation...
         Starting LSB: daemon to balance interrupts for SMP systems...
[[0;32m  OK  [0m] Started Permit User Sessions.
[[0;32m  OK  [0m] Started Authenticate and Authorize Users to Run Privileged Tasks.
[[0;32m  OK  [0m] Started Accounts Service.
[[0;32m  OK  [0m] Started LSB: Set the CPU Frequency Scaling governor to "ondemand".
[[0;32m  OK  [0m] Created slice User Slice of ubuntu.
         Starting Terminate Plymouth Boot Screen...
         Starting Hold until boot process finishes up...
[[0;32m  OK  [0m] Started LSB: VirtualBox Linux Additions.
[[0;32m  OK  [0m] Started LSB: automatic crash report generation.
[[0;32m  OK  [0m] Started Terminate Plymouth Boot Screen.
[[0;32m  OK  [0m] Started Hold until boot process finishes up.
[[0;32m  OK  [0m] Started LSB: daemon to balance interrupts for SMP systems.
[   27.542181] cloud-init[1038]: Cloud-init v. 0.7.9 running 'modules:config' at Sat, 12 Aug 2017 18:39:22 +0000. Up 27.17 seconds.
[[0;32m  OK  [0m] Started Session 1 of user ubuntu.
         Starting User Manager for UID 1000...
[[0;32m  OK  [0m] Started Serial Getty on ttyS0.
         Starting Set console scheme...
[[0;32m  OK  [0m] Started Getty on tty1.
[[0;32m  OK  [0m] Reached target Login Prompts.
[[0;32m  OK  [0m] Started User Manager for UID 1000.
[[0;32m  OK  [0m] Started Apply the settings specified in cloud-config.
[[0;32m  OK  [0m] Started Set console scheme.
[[0;32m  OK  [0m] Started MySQL Community Server.
[[0;32m  OK  [0m] Started LSB: Apache2 web server.
[[0;32m  OK  [0m] Reached target Multi-User System.
         Starting Execute cloud user/final scripts...
[[0;32m  OK  [0m] Reached target Graphical Interface.
         Starting Update UTMP about System Runlevel Changes...
[[0;32m  OK  [0m] Started Update UTMP about System Runlevel Changes.
[   29.105278] cloud-init[1411]: Cloud-init v. 0.7.9 running 'modules:final' at Sat, 12 Aug 2017 18:39:24 +0000. Up 28.99 seconds.
[   29.194434] cloud-init[1411]: Cloud-init v. 0.7.9 finished at Sat, 12 Aug 2017 18:39:24 +0000. Datasource DataSourceNoCloud [seed=/dev/sdb][dsmode=net].  Up 29.09 seconds
[[0;32m  OK  [0m] Started Execute cloud user/final scripts.
[[0;32m  OK  [0m] Reached target Cloud-init target.

Ubuntu 16.04.3 LTS Whoisthisband ttyS0

Whoisthisband login: [[0;32m  OK  [0m] Clo/[[0;32m  OK  [0m] Unmounted /var/lib/lxcfs.
[[0;32m  OK  [0m] Stopped Regular background program processing daemon.
[[0;32m  OK  [0m] Stopped OpenBSD Secure Shell server.
[[0;32m  OK  [0m] Stopped ACPI event daemon.
[[0;32m  OK  [0m] Stopped Snappy daemon.
[[0;32m  OK  [0m] Stopped Deferred execution scheduler.
[[0;32m  OK  [0m] Stopped Accounts Service.
[[0;32m  OK  [0m] Stopped System Logging Service.
[[0;32m  OK  [0m] Stopped Authenticate and Authorize Users to Run Privileged Tasks.
[[0;32m  OK  [0m] Stopped Serial Getty on ttyS0.
[[0;32m  OK  [0m] Stopped Getty on tty1.
[[0;32m  OK  [0m] Stopped User Manager for UID 1000.
[[0;32m  OK  [0m] Stopped Session 5 of user ubuntu.
[[0;32m  OK  [0m] Stopped Unattended Upgrades Shutdown.
[[0;32m  OK  [0m] Stopped D-Bus System Message Bus.
[[0;32m  OK  [0m] Stopped FUSE filesystem for LXC.
[[0;32m  OK  [0m] Stopped LXD - container startup/shutdown.
[[0;32m  OK  [0m] Stopped LSB: automatic crash report generation.
[[0;32m  OK  [0m] Stopped LSB: VirtualBox Linux Additions.
[[0;32m  OK  [0m] Stopped LSB: MD monitoring daemon.
[[0;32m  OK  [0m] Stopped LSB: Set the CPU Frequency Scaling governor to "ondemand".
[[0;32m  OK  [0m] Stopped LSB: Record successful boot for GRUB.
[[0;32m  OK  [0m] Stopped LSB: daemon to balance interrupts for SMP systems.
[[0;32m  OK  [0m] Removed slice User Slice of ubuntu.
         Stopping Login Service...
[[0;32m  OK  [0m] Removed slice system-getty.slice.
[[0;32m  OK  [0m] Stopped /etc/rc.local Compatibility.
         Stopping Permit User Sessions...
[[0;32m  OK  [0m] Removed slice system-serial\x2dgetty.slice.
[[0;32m  OK  [0m] Stopped Login Service.
[[0;32m  OK  [0m] Stopped Permit User Sessions.
[[0;32m  OK  [0m] Stopped target User and Group Name Lookups.
[[0;32m  OK  [0m] Stopped MySQL Community Server.
[[0;32m  OK  [0m] Stopped LSB: Apache2 web server.
[[0;32m  OK  [0m] Stopped target Basic System.
[[0;32m  OK  [0m] Stopped target Slices.
[[0;32m  OK  [0m] Removed slice User and Session Slice.
[[0;32m  OK  [0m] Stopped target Paths.
[[0;32m  OK  [0m] Stopped Dispatch Password Requests to Console Directory Watch.
[[0;32m  OK  [0m] Stopped Forward Password Requests to Wall Directory Watch.
[[0;32m  OK  [0m] Stopped ACPI Events Check.
[[0;32m  OK  [0m] Stopped target Sockets.
[[0;32m  OK  [0m] Closed D-Bus System Message Bus Socket.
[[0;32m  OK  [0m] Closed Syslog Socket.
[[0;32m  OK  [0m] Closed Socket activation for snappy daemon.
[[0;32m  OK  [0m] Closed LXD - unix socket.
[[0;32m  OK  [0m] Closed ACPID Listen Socket.
[[0;32m  OK  [0m] Closed UUID daemon activation socket.
[[0;32m  OK  [0m] Stopped target Remote File Systems.
[[0;32m  OK  [0m] Stopped target Remote File Systems (Pre).
         Stopping Login to default iSCSI targets...
[[0;32m  OK  [0m] Stopped target System Initialization.
[[0;32m  OK  [0m] Stopped target Encrypted Volumes.
         Stopping Load/Save Random Seed...
[[0;32m  OK  [0m] Stopped target Swap.
         Stopping Update UTMP about System Boot/Shutdown...
[[0;32m  OK  [0m] Stopped Load/Save Random Seed.
[[0;32m  OK  [0m] Stopped Login to default iSCSI targets.
[[0;32m  OK  [0m] Stopped Update UTMP about System Boot/Shutdown.
[[0;32m  OK  [0m] Stopped Create Volatile Files and Directories.
         Stopping iSCSI initiator daemon (iscsid)...
[[0;32m  OK  [0m] Stopped iSCSI initiator daemon (iscsid).
[[0;32m  OK  [0m] Stopped target Network is Online.
[[0;32m  OK  [0m] Stopped Initial cloud-init job (metadata service crawler).
[[0;32m  OK  [0m] Stopped target Network.
         Stopping Raise network interfaces...
[[0;32m  OK  [0m] Stopped Raise network interfaces.
[[0;32m  OK  [0m] Stopped Apply Kernel Variables.
[[0;32m  OK  [0m] Stopped target Local File Systems.
         Unmounting /run/user/1000...
         Unmounting /vagrant...
         Unmounting /var/www/html...
[[0;32m  OK  [0m] Stopped Load Kernel Modules.
[[0;32m  OK  [0m] Stopped target Network (Pre).
[[0;32m  OK  [0m] Stopped Initial cloud-init job (pre-networking).
[[0;32m  OK  [0m] Unmounted /run/user/1000.
[[0;32m  OK  [0m] Unmounted /vagrant.
[[0;32m  OK  [0m] Unmounted /var/www/html.
[[0;32m  OK  [0m] Reached target Unmount All Filesystems.
[[0;32m  OK  [0m] Stopped target Local File Systems (Pre).
         Stopping Monitoring of LVM2 mirrors... dmeventd or progress polling...
[[0;32m  OK  [0m] Stopped Create Static Device Nodes in /dev.
[[0;32m  OK  [0m] Stopped Remount Root and Kernel File Systems.
[[0;32m  OK  [0m] Reached target Shutdown.
[ 6699.173607] reboot: Power down